
[1m[0;36m=== Checking prerequisites ===[0m
[0;32m[+][0m All prerequisites found.

[1m[0;36m=== Starting infrastructure ===[0m
[0;32m[+][0m Starting Postgres, NATS, Keycloak via Docker Compose...
 Network hopper_default  Creating
 Network hopper_default  Created
 Container hopper-mailpit-1  Creating
 Container hopper-nats-1  Creating
 Container hopper-postgres-1  Creating
 Container hopper-mailpit-1  Created
 Container hopper-nats-1  Created
 Container hopper-postgres-1  Created
 Container hopper-keycloak-1  Creating
 Container hopper-keycloak-1  Created
 Container hopper-postgres-1  Starting
 Container hopper-nats-1  Starting
 Container hopper-mailpit-1  Starting
 Container hopper-mailpit-1  Started
 Container hopper-nats-1  Started
 Container hopper-postgres-1  Started
 Container hopper-postgres-1  Waiting
 Container hopper-postgres-1  Healthy
 Container hopper-keycloak-1  Starting
 Container hopper-keycloak-1  Started
[0;32m[+][0m Waiting for PostgreSQL to be ready...
[0;32m[+][0m PostgreSQL is ready.
[0;32m[+][0m Waiting for NATS to be ready...
[0;32m[+][0m NATS is ready.
[0;32m[+][0m Waiting for Keycloak to be ready...
[1;33m[!][0m Keycloak not responding on /health/ready yet (may still be starting).
[1;33m[!][0m Continuing anyway — Keycloak can take a while on first launch.

[1m[0;36m=== Starting application services ===[0m
[0;32m[+][0m Starting frontend on :5173...
[0;32m[+][0m Starting API gateway on :8000...
[0;32m[+][0m Starting orchestrator...

[1m[0;32m============================================[0m
[1m[0;32m  Hopper is running locally[0m
[1m[0;32m============================================[0m

  [1mFrontend:[0m      http://localhost:5173
  [1mAPI Gateway:[0m   http://localhost:8000
  [1mAPI Docs:[0m      http://localhost:8000/docs
  [1mKeycloak:[0m      http://localhost:8080  (admin / admin)
  [1mPostgreSQL:[0m    localhost:5433  (hopper / hopper_dev)
  [1mNATS:[0m          localhost:4222
  [1mNATS Monitor:[0m  http://localhost:8222

  [0;36mLogs:[0m  tail -f /media/fayek/New Volume/Hopper/.local-logs/*.log

  Press [1mCtrl+C[0m to stop all services.

